<?xml version="1.0" encoding="UTF-8" ?>
<dataset>
    <applicant applicant_id="1"/>
    <interview interview_id="1" applicant_id="1" cancelled="false"/>
    <interview_attachment interview_interview_id="1"/>
</dataset>